Team name  : Printf("hello");
Institution: Manarat International University
Solved     : 8
   Member 1: Mostakim Sakib
   Member 2: Irfan Khan
   Member 3: Saidur Rahman
